WorkerThreadPool: 12 threads, 3 max low-priority.
Godot Engine v4.5.stable.official.876b29033 - https://godotengine.org
TextServer: Added interface "Dummy"
TextServer: Added interface "ICU / HarfBuzz / Graphite (Built-in)"
Unrecognized output string "misc2" in mapping:
030000000d0f00000202000000000000,Horipad O Nintendo Switch 2 Controller,a:b1,b:b0,back:b8,dpdown:h0.4,dpleft:h0.8,dpright:h0.2,dpup:h0.1,guide:b12,leftshoulder:b4,leftstick:b10,lefttrigger:b6,leftx:a0,lefty:a1,misc1:b13,misc2:b14,rightshoulder:b5,rightstick:b11,righttrigger:b7,rightx:a2,righty:a3,start:b9,x:b3,y:b2,platform:Windows,
Unrecognized output string "misc2" in mapping:
030000000d0f00009601000000000000,Horipad Steam,a:b0,b:b1,back:b10,dpdown:h0.4,dpleft:h0.8,dpright:h0.2,dpup:h0.1,guide:b12,leftshoulder:b6,leftstick:b13,lefttrigger:b8,leftx:a0,lefty:a1,misc2:b2,paddle1:b5,paddle2:b15,paddle3:b18,paddle4:b19,rightshoulder:b7,rightstick:b14,righttrigger:b9,rightx:a3,righty:a4,start:b11,x:b3,y:b4,platform:Windows,
Unrecognized output string "misc2" in mapping:
030000007e0500006920000000000000,Nintendo Switch 2 Pro Controller,a:b0,b:b1,back:b14,dpdown:b8,dpleft:b10,dpright:b9,dpup:b11,guide:b16,leftshoulder:b12,leftstick:b15,lefttrigger:b13,leftx:a0,lefty:a1~,misc1:b17,misc2:b20,paddle1:b18,paddle2:b19,rightshoulder:b4,rightstick:b7,righttrigger:b5,rightx:a2,righty:a3~,start:b6,x:b2,y:b3,platform:Windows,
ERROR: GENERAL - Message Id Number: 0 | Message Id Name: Loader Message
	loader_get_json: Failed to open JSON file D:\Steam\SteamOverlayVulkanLayer64.json
	Objects - 1
		Object[0] - VK_OBJECT_TYPE_INSTANCE, Handle 2167521309984
   at: _debug_messenger_callback (drivers/vulkan/rendering_context_driver_vulkan.cpp:642)
ERROR: GENERAL - Message Id Number: 0 | Message Id Name: Loader Message
	loader_get_json: Failed to open JSON file D:\Steam\SteamFossilizeVulkanLayer64.json
	Objects - 1
		Object[0] - VK_OBJECT_TYPE_INSTANCE, Handle 2167521309984
   at: _debug_messenger_callback (drivers/vulkan/rendering_context_driver_vulkan.cpp:642)
WARNING: GENERAL - Message Id Number: 0 | Message Id Name: Loader Message
	windows_read_data_files_in_registry: Registry lookup failed to get layer manifest files.
	Objects - 1
		Object[0] - VK_OBJECT_TYPE_INSTANCE, Handle 2167521309984
   at: _debug_messenger_callback (drivers/vulkan/rendering_context_driver_vulkan.cpp:639)
SDL: Init OK!
Devices:
  #0: NVIDIA NVIDIA GeForce RTX 3090 - Supported, Discrete
Optional extension VK_EXT_fragment_density_map not found
Optional extension VK_EXT_astc_decode_mode not found
Optional extension VK_EXT_texture_compression_astc_hdr not found
Optional extension VK_KHR_external_memory_fd not found
Optional extension VK_EXT_debug_marker not found
- Vulkan Fragment Shading Rate supported:
  Pipeline fragment shading rate
  Primitive fragment shading rate
  Attachment fragment shading rate, min texel size: (16, 16), max texel size: (16, 16), max fragment size: (4, 4)
- Vulkan Fragment Density Map not supported
- Vulkan multiview supported:
  max view count: 32
  max instances: 134217727
- Vulkan subgroup:
  size: 32
  min size: 32
  max size: 32
  stages: STAGE_VERTEX, STAGE_TESSELLATION_CONTROL, STAGE_TESSELLATION_EVALUATION, STAGE_GEOMETRY, STAGE_FRAGMENT, STAGE_COMPUTE, STAGE_RAYGEN_KHR, STAGE_ANY_HIT_KHR, STAGE_CLOSEST_HIT_KHR, STAGE_MISS_KHR, STAGE_INTERSECTION_KHR, STAGE_CALLABLE_KHR, STAGE_TASK_NV, STAGE_MESH_NV
  supported ops: FEATURE_BASIC, FEATURE_VOTE, FEATURE_ARITHMETIC, FEATURE_BALLOT, FEATURE_SHUFFLE, FEATURE_SHUFFLE_RELATIVE, FEATURE_CLUSTERED, FEATURE_QUAD, FEATURE_PARTITIONED_NV
  quad operations in all stages
Vulkan 1.4.312 - Forward+ - Using Device #0: NVIDIA - NVIDIA GeForce RTX 3090
Startup PSO cache (3.0 MiB)
Using "winink" pen tablet driver...
Creating VMA small objects pool for memory type index 1
Shader 'CanvasSdfShaderRD' (group 0) SHA256: 4ae1c8f9d33cbc7968cd8c803da5f7e62b213192c33781ba7538d1843007db50
Loading cache for shader CanvasSdfShaderRD, variant 0
Loading cache for shader CanvasSdfShaderRD, variant 1
Loading cache for shader CanvasSdfShaderRD, variant 2
Loading cache for shader CanvasSdfShaderRD, variant 3
Loading cache for shader CanvasSdfShaderRD, variant 4
Loading cache for shader CanvasSdfShaderRD, variant 5
Shader 'SkeletonShaderRD' (group 0) SHA256: 003ea4725382f051a99deb167035ceb67e941109bf97b44b6fc0c0f077f5c565
Loading cache for shader SkeletonShaderRD, variant 0
Loading cache for shader SkeletonShaderRD, variant 1
Shader 'SortShaderRD' (group 0) SHA256: e3569cb510d4d20f66ac5642590debf369eabd97ac79005a0f2bc585a8fef8b6
Loading cache for shader SortShaderRD, variant 0
Loading cache for shader SortShaderRD, variant 1
Loading cache for shader SortShaderRD, variant 2
Shader 'ParticlesShaderRD' (group 0) SHA256: e25e4cd9f8bef4433fcd488eebdbabe4ea7c3854b31f92f95cf594683ca733b7
Loading cache for shader ParticlesShaderRD, variant 0
Shader 'ParticlesCopyShaderRD' (group 0) SHA256: 853acf68cd95d40a337ae8e82171280453b17e3962789cc0fa66e23098b4c851
Loading cache for shader ParticlesCopyShaderRD, variant 0
Loading cache for shader ParticlesCopyShaderRD, variant 1
Loading cache for shader ParticlesCopyShaderRD, variant 2
Loading cache for shader ParticlesCopyShaderRD, variant 3
Loading cache for shader ParticlesCopyShaderRD, variant 4
Loading cache for shader ParticlesCopyShaderRD, variant 5
Loading cache for shader ParticlesCopyShaderRD, variant 6
Loading cache for shader ParticlesCopyShaderRD, variant 7
Loading cache for shader ParticlesCopyShaderRD, variant 8
Loading cache for shader ParticlesCopyShaderRD, variant 9
Loading cache for shader ParticlesCopyShaderRD, variant 10
Loading cache for shader ParticlesCopyShaderRD, variant 11
Loading cache for shader ParticlesCopyShaderRD, variant 12
Loading cache for shader ParticlesCopyShaderRD, variant 13
Loading cache for shader ParticlesCopyShaderRD, variant 14
Loading cache for shader ParticlesCopyShaderRD, variant 15
Loading cache for shader ParticlesCopyShaderRD, variant 16
Loading cache for shader ParticlesCopyShaderRD, variant 17
Loading cache for shader ParticlesCopyShaderRD, variant 18
Loading cache for shader ParticlesCopyShaderRD, variant 19
Loading cache for shader ParticlesCopyShaderRD, variant 20
Shader 'CanvasShaderRD' (group 0) SHA256: e7b17ec4355ae6960cd5e830867fe5ab9d4e79978916b0314010e86dd56ba262
Loading cache for shader CanvasShaderRD, variant 0
Loading cache for shader CanvasShaderRD, variant 1
Loading cache for shader CanvasShaderRD, variant 2
Loading cache for shader CanvasShaderRD, variant 3
Loading cache for shader CanvasShaderRD, variant 4
Loading cache for shader CanvasShaderRD, variant 5
Shader 'CanvasOcclusionShaderRD' (group 0) SHA256: 1a96e185127c69dd7854dc31c275b848df6164172b41caef221afab6680d9591
Loading cache for shader CanvasOcclusionShaderRD, variant 0
Loading cache for shader CanvasOcclusionShaderRD, variant 1
Loading cache for shader CanvasOcclusionShaderRD, variant 2
Loading cache for shader CanvasShaderRD, variant 0
Loading cache for shader CanvasShaderRD, variant 1
Loading cache for shader CanvasShaderRD, variant 2
Loading cache for shader CanvasShaderRD, variant 3
Loading cache for shader CanvasShaderRD, variant 4
Loading cache for shader CanvasShaderRD, variant 5
Loading cache for shader CanvasShaderRD, variant 0
Loading cache for shader CanvasShaderRD, variant 1
Loading cache for shader CanvasShaderRD, variant 2
Loading cache for shader CanvasShaderRD, variant 3
Loading cache for shader CanvasShaderRD, variant 4
Loading cache for shader CanvasShaderRD, variant 5
Shader 'ClusterRenderShaderRD' (group 0) SHA256: 9502a0390ee6965ffb56ef8a758070e729ac89971a740ca387540e1a685acf9a
Loading cache for shader ClusterRenderShaderRD, variant 0
Loading cache for shader ClusterRenderShaderRD, variant 1
Shader 'ClusterStoreShaderRD' (group 0) SHA256: c5e670c1291c276fbf57282d72cfae9b0d94649bc8f8f119b8bf226d0c847c81
Loading cache for shader ClusterStoreShaderRD, variant 0
Shader 'ClusterDebugShaderRD' (group 0) SHA256: 8b7af19e792fd5df1d77e4d5345a0b3ae0802a2c829205f6b17f983261f54d54
Loading cache for shader ClusterDebugShaderRD, variant 0
Shader 'SceneForwardClusteredShaderRD' (group 0) SHA256: d80c10b7bc0719bca4bd88fe927c7c6f3bcb42f5c79117523d47e0854b12d4dd
Shader 'SceneForwardClusteredShaderRD' (group 1) SHA256: 58e2a9ab076df3f99437c6c5bd89507685a58c88c86a09d60a3e15ffc1bf61d7
Shader 'SceneForwardClusteredShaderRD' (group 2) SHA256: c9da4e6ecce5df0f99ff3165b31b702270e7ef9466c08d8af1b5ea0323e2db09
Shader 'SceneForwardClusteredShaderRD' (group 3) SHA256: 4da236f9f8be4c1abe317e02dbe04a98f95da7b5823887f3bf2035c1a3e522ba
Loading cache for shader SceneForwardClusteredShaderRD, variant 0
Loading cache for shader SceneForwardClusteredShaderRD, variant 1
Loading cache for shader SceneForwardClusteredShaderRD, variant 2
Loading cache for shader SceneForwardClusteredShaderRD, variant 3
Loading cache for shader SceneForwardClusteredShaderRD, variant 4
Loading cache for shader SceneForwardClusteredShaderRD, variant 5
Loading cache for shader SceneForwardClusteredShaderRD, variant 6
Loading cache for shader SceneForwardClusteredShaderRD, variant 7
Loading cache for shader SceneForwardClusteredShaderRD, variant 0
Loading cache for shader SceneForwardClusteredShaderRD, variant 1
Loading cache for shader SceneForwardClusteredShaderRD, variant 2
Loading cache for shader SceneForwardClusteredShaderRD, variant 3
Loading cache for shader SceneForwardClusteredShaderRD, variant 4
Loading cache for shader SceneForwardClusteredShaderRD, variant 5
Loading cache for shader SceneForwardClusteredShaderRD, variant 6
Loading cache for shader SceneForwardClusteredShaderRD, variant 7
Loading cache for shader SceneForwardClusteredShaderRD, variant 0
Loading cache for shader SceneForwardClusteredShaderRD, variant 1
Loading cache for shader SceneForwardClusteredShaderRD, variant 2
Loading cache for shader SceneForwardClusteredShaderRD, variant 3
Loading cache for shader SceneForwardClusteredShaderRD, variant 4
Loading cache for shader SceneForwardClusteredShaderRD, variant 5
Loading cache for shader SceneForwardClusteredShaderRD, variant 6
Loading cache for shader SceneForwardClusteredShaderRD, variant 7
Shader 'BestFitNormalShaderRD' (group 0) SHA256: 7b41920ab18ac1bb3fea961d1983a05665b32c756fe87aec7de272742a40f156
Loading cache for shader BestFitNormalShaderRD, variant 0
Shader 'IntegrateDfgShaderRD' (group 0) SHA256: 2c56495726420af1acc8425fec8751aac2ed742a2c8f199bf7fe2a08f28dfdba
Loading cache for shader IntegrateDfgShaderRD, variant 0
Shader 'ResolveShaderRD' (group 0) SHA256: e3c8c53e2940e1f5a91520a0afce45c4d5ad81899bdb2a00c92d0bf7a5a1d598
Loading cache for shader ResolveShaderRD, variant 0
Loading cache for shader ResolveShaderRD, variant 1
Loading cache for shader ResolveShaderRD, variant 2
Shader 'TaaResolveShaderRD' (group 0) SHA256: 8cb1203e5082170b6b51e723094162080c212d7f1911c0a9edb0ebeaa7e86a0e
Loading cache for shader TaaResolveShaderRD, variant 0
Shader 'Fsr2DepthClipPassShaderRD' (group 0) SHA256: 177eee0f6a6558b704bf1ec91e7d362d05e1aad1730efb6e2ff11f871410cfc0
Shader 'Fsr2ReconstructPreviousDepthPassShaderRD' (group 0) SHA256: 358f0f50e45bf02ca4a4d7caad0f817dc7af0da242469fec10a5158bebfa77db
Shader 'Fsr2LockPassShaderRD' (group 0) SHA256: 46bf218ed72ab39571bc371c527146035b9c1f01dbcc9a80f2ea1ffbd936d9f2
Shader 'Fsr2AccumulatePassShaderRD' (group 0) SHA256: 04c43a42d0dec2c54cb90a97e26d888c88995df139142948afde178db865de21
Shader 'Fsr2RcasPassShaderRD' (group 0) SHA256: cc94b511e66750be6b0c6b31869945465124f655d1927913d7e2903c129d8e79
Shader 'Fsr2ComputeLuminancePyramidPassShaderRD' (group 0) SHA256: 3cc2b3058c0b29853f1a8d064772a1e4d0034ad64c1942b3c234b93c7f3ee2f0
Shader 'Fsr2AutogenReactivePassShaderRD' (group 0) SHA256: 0a9f1598fa0d6c0de6765298b1aaf83f89bf24038af5fbe5b43f5bd0b40c7dec
Shader 'Fsr2TcrAutogenPassShaderRD' (group 0) SHA256: fa1597e2764e7eb1358f350f529c11e57718acb629000cbc3d958a845a6514a4
Shader 'SsEffectsDownsampleShaderRD' (group 0) SHA256: a44a503b31412deb8f509269a41acb36b667a79160663403f6a4bc8a5b95dc10
Loading cache for shader SsEffectsDownsampleShaderRD, variant 0
Loading cache for shader SsEffectsDownsampleShaderRD, variant 1
Loading cache for shader SsEffectsDownsampleShaderRD, variant 2
Loading cache for shader SsEffectsDownsampleShaderRD, variant 3
Loading cache for shader SsEffectsDownsampleShaderRD, variant 4
Loading cache for shader SsEffectsDownsampleShaderRD, variant 5
Loading cache for shader SsEffectsDownsampleShaderRD, variant 6
Shader 'SsilShaderRD' (group 0) SHA256: 46469c3c6dcab29a50a70756a6af386446a21ad5664a14d1a51f6c51dcb19e68
Loading cache for shader SsilShaderRD, variant 0
Loading cache for shader SsilShaderRD, variant 1
Loading cache for shader SsilShaderRD, variant 2
Shader 'SsilImportanceMapShaderRD' (group 0) SHA256: 25142e13a4c413a05320535e62074da3d3c62d4797e2ea09d4f231f285b381ec
Loading cache for shader SsilImportanceMapShaderRD, variant 0
Loading cache for shader SsilImportanceMapShaderRD, variant 1
Loading cache for shader SsilImportanceMapShaderRD, variant 2
Shader 'SsilBlurShaderRD' (group 0) SHA256: 5ea6ec5d7fbe59a8377212eab5a85c43ba7ddbde0ccdec337e29d5f39555f504
Loading cache for shader SsilBlurShaderRD, variant 0
Loading cache for shader SsilBlurShaderRD, variant 1
Loading cache for shader SsilBlurShaderRD, variant 2
Shader 'SsilInterleaveShaderRD' (group 0) SHA256: 51fbb4500de19d012e93876e4341b103a11687e210f89f06fa75e999f47e1351
Loading cache for shader SsilInterleaveShaderRD, variant 0
Loading cache for shader SsilInterleaveShaderRD, variant 1
Loading cache for shader SsilInterleaveShaderRD, variant 2
Shader 'SsaoShaderRD' (group 0) SHA256: 03c523b5744efe67362a3cbb7e05745d549de8f377764940b148580a9415ca5c
Loading cache for shader SsaoShaderRD, variant 0
Loading cache for shader SsaoShaderRD, variant 1
Loading cache for shader SsaoShaderRD, variant 2
Shader 'SsaoImportanceMapShaderRD' (group 0) SHA256: 1503559631352e2698230af3486d78af71583e0da34ac98926a1b97df530d3df
Loading cache for shader SsaoImportanceMapShaderRD, variant 0
Loading cache for shader SsaoImportanceMapShaderRD, variant 1
Loading cache for shader SsaoImportanceMapShaderRD, variant 2
Shader 'SsaoBlurShaderRD' (group 0) SHA256: f20b8fd74ba7d9c6eb01d99d6e64d94626b6d09cf183a058fbf6d3ca4bf5e32d
Loading cache for shader SsaoBlurShaderRD, variant 0
Loading cache for shader SsaoBlurShaderRD, variant 1
Loading cache for shader SsaoBlurShaderRD, variant 2
Shader 'SsaoInterleaveShaderRD' (group 0) SHA256: 6149f988122e57a5ff5055d684b7b4928b1809e4973328f97cd8bfc488acc78d
Loading cache for shader SsaoInterleaveShaderRD, variant 0
Loading cache for shader SsaoInterleaveShaderRD, variant 1
Loading cache for shader SsaoInterleaveShaderRD, variant 2
Shader 'ScreenSpaceReflectionScaleShaderRD' (group 0) SHA256: 77ccdf4032989ccf62ada33bf63873d2e3bae533e78362a6b7987eb9a0eacea0
Loading cache for shader ScreenSpaceReflectionScaleShaderRD, variant 0
Shader 'ScreenSpaceReflectionShaderRD' (group 0) SHA256: e36e5c5230134ac5b1e9c43e65471dd06e96620e1fb03e0ce1bd7524745d7bfc
Loading cache for shader ScreenSpaceReflectionShaderRD, variant 0
Loading cache for shader ScreenSpaceReflectionShaderRD, variant 1
Shader 'ScreenSpaceReflectionFilterShaderRD' (group 0) SHA256: 1725e4091c2ee64f62be73b97e4f528354ab22d39d0abae24d173f28c9beaca3
Loading cache for shader ScreenSpaceReflectionFilterShaderRD, variant 0
Loading cache for shader ScreenSpaceReflectionFilterShaderRD, variant 1
Shader 'SubsurfaceScatteringShaderRD' (group 0) SHA256: 0e3d9156c48d315eb365b1fae7200cea5aa173c839909adfe05d82e9fa8b0b1a
Loading cache for shader SubsurfaceScatteringShaderRD, variant 0
Loading cache for shader SubsurfaceScatteringShaderRD, variant 1
Loading cache for shader SubsurfaceScatteringShaderRD, variant 2
Shader 'SkyShaderRD' (group 0) SHA256: a9f86a6778595096e980fe5217e4465487a0a679fa9526d4a2e81f745d154beb
Loading cache for shader SkyShaderRD, variant 0
Loading cache for shader SkyShaderRD, variant 1
Loading cache for shader SkyShaderRD, variant 2
Loading cache for shader SkyShaderRD, variant 3
Loading cache for shader SkyShaderRD, variant 4
Loading cache for shader SkyShaderRD, variant 5
Loading cache for shader SkyShaderRD, variant 0
Loading cache for shader SkyShaderRD, variant 1
Loading cache for shader SkyShaderRD, variant 2
Loading cache for shader SkyShaderRD, variant 3
Loading cache for shader SkyShaderRD, variant 4
Loading cache for shader SkyShaderRD, variant 5
Shader 'VoxelGiShaderRD' (group 0) SHA256: 1dfeca066a930bff2756e23c4984263c32cec09a78f945dcdf7f93d6dfae2465
Loading cache for shader VoxelGiShaderRD, variant 0
Loading cache for shader VoxelGiShaderRD, variant 1
Loading cache for shader VoxelGiShaderRD, variant 2
Loading cache for shader VoxelGiShaderRD, variant 3
Loading cache for shader VoxelGiShaderRD, variant 4
Loading cache for shader VoxelGiShaderRD, variant 5
Loading cache for shader VoxelGiShaderRD, variant 6
Loading cache for shader VoxelGiShaderRD, variant 7
Shader 'VoxelGiDebugShaderRD' (group 0) SHA256: 0eb7f9f258ebf21cdd385051c3b1f30074f2a639446e3bcdb8622cc1b5d1b9fc
Loading cache for shader VoxelGiDebugShaderRD, variant 0
Loading cache for shader VoxelGiDebugShaderRD, variant 1
Loading cache for shader VoxelGiDebugShaderRD, variant 2
Loading cache for shader VoxelGiDebugShaderRD, variant 3
Shader 'SdfgiPreprocessShaderRD' (group 0) SHA256: 806816078967870f19f38dc86962915a56e336f7001d22093d3c6c08980a4905
Loading cache for shader SdfgiPreprocessShaderRD, variant 0
Loading cache for shader SdfgiPreprocessShaderRD, variant 1
Loading cache for shader SdfgiPreprocessShaderRD, variant 2
Loading cache for shader SdfgiPreprocessShaderRD, variant 3
Loading cache for shader SdfgiPreprocessShaderRD, variant 4
Loading cache for shader SdfgiPreprocessShaderRD, variant 5
Loading cache for shader SdfgiPreprocessShaderRD, variant 6
Loading cache for shader SdfgiPreprocessShaderRD, variant 7
Loading cache for shader SdfgiPreprocessShaderRD, variant 8
Shader 'SdfgiDirectLightShaderRD' (group 0) SHA256: 283e3eabc5cfee6eef5bf7b5666a65acb4566422fa62101943cbbb0457a0c84a
Loading cache for shader SdfgiDirectLightShaderRD, variant 0
Loading cache for shader SdfgiDirectLightShaderRD, variant 1
Shader 'SdfgiIntegrateShaderRD' (group 0) SHA256: 15c2766c68477b4e78df7a6fe0417baa497e7ec6f88bcaf5646095744fb2fa9c
Loading cache for shader SdfgiIntegrateShaderRD, variant 0
Loading cache for shader SdfgiIntegrateShaderRD, variant 1
Loading cache for shader SdfgiIntegrateShaderRD, variant 2
Loading cache for shader SdfgiIntegrateShaderRD, variant 3
Shader 'GiShaderRD' (group 0) SHA256: 9e9b4b5d4c15f202f7ffb443fd0971df128a5f50e14bf72f2821620133146f3d
Shader 'GiShaderRD' (group 1) SHA256: 6df91197bce0a55add8f8cf655ee71ac97f5c7510e3d8fe9649405dab2882f24
Loading cache for shader GiShaderRD, variant 0
Loading cache for shader GiShaderRD, variant 1
Loading cache for shader GiShaderRD, variant 2
Loading cache for shader GiShaderRD, variant 3
Loading cache for shader GiShaderRD, variant 4
Loading cache for shader GiShaderRD, variant 0
Loading cache for shader GiShaderRD, variant 1
Loading cache for shader GiShaderRD, variant 2
Loading cache for shader GiShaderRD, variant 3
Loading cache for shader GiShaderRD, variant 4
Shader 'SdfgiDebugShaderRD' (group 0) SHA256: 32fe59dd71320510d4bca50ec1d9c0f2c1336d61cc8dae4a926ccba3f27e69ba
Loading cache for shader SdfgiDebugShaderRD, variant 0
Shader 'SdfgiDebugProbesShaderRD' (group 0) SHA256: 97da1595879bfde5276d42636c8d91122b5ef75ab1fb8903e553fc3bda3a5734
Loading cache for shader SdfgiDebugProbesShaderRD, variant 0
Loading cache for shader SdfgiDebugProbesShaderRD, variant 1
Loading cache for shader SdfgiDebugProbesShaderRD, variant 2
Loading cache for shader SdfgiDebugProbesShaderRD, variant 3
Shader 'VolumetricFogShaderRD' (group 0) SHA256: fe352ea61d45a1becd37b6cde528377232cf0b234eab02c91b64cf8e6f06f3a0
Shader 'VolumetricFogShaderRD' (group 1) SHA256: edf7cfdc03734aac137e008bab9652e5aeda353e952ba62dfcb5d9190ba21da1
Shader 'VolumetricFogShaderRD' (group 2) SHA256: 344344f4b7915ff3364dcbdc20dc8594fb6f75c080b1117a4174cbaa3efafefa
Shader 'VolumetricFogShaderRD' (group 3) SHA256: b4dd1d878a773bfd3670e580d7655c262e7c3070a5667de022bb881ba6f64364
Loading cache for shader VolumetricFogShaderRD, variant 0
Shader 'VolumetricFogProcessShaderRD' (group 0) SHA256: 3fc7a608ebbf31f778a34a2a6443de396524f5cb561f3ef01681f431dcce034a
Shader 'VolumetricFogProcessShaderRD' (group 1) SHA256: 57488d4c00ca662455ceb9402d56e1bf6644bfe7726ad8d2a0f7233550b90c7e
Shader 'VolumetricFogProcessShaderRD' (group 2) SHA256: c26b9ba64050436f14df13f3acd93e026fd02fcd49185294630fb730cdcb20a2
Shader 'VolumetricFogProcessShaderRD' (group 3) SHA256: 64a25515655aff4c57c164f43f769c6eb63eeacd1542982e5882dac1aeff1c28
Loading cache for shader VolumetricFogProcessShaderRD, variant 0
Loading cache for shader VolumetricFogProcessShaderRD, variant 1
Loading cache for shader VolumetricFogProcessShaderRD, variant 2
Loading cache for shader VolumetricFogProcessShaderRD, variant 3
Loading cache for shader VolumetricFogProcessShaderRD, variant 4
Shader 'BokehDofShaderRD' (group 0) SHA256: b1c4cc674cd4635c32b4468ed1d2433197c6e8f8bf2bd56d8550f6cf61915142
Loading cache for shader BokehDofShaderRD, variant 0
Loading cache for shader BokehDofShaderRD, variant 1
Loading cache for shader BokehDofShaderRD, variant 3
Loading cache for shader BokehDofShaderRD, variant 5
Loading cache for shader BokehDofShaderRD, variant 6
Shader 'CopyShaderRD' (group 0) SHA256: ab28315412a3dede7744b14fc38c5af7ecfa8d2f45b3a59d3f112ac9db88865d
Loading cache for shader CopyShaderRD, variant 0
Loading cache for shader CopyShaderRD, variant 1
Loading cache for shader CopyShaderRD, variant 2
Loading cache for shader CopyShaderRD, variant 3
Loading cache for shader CopyShaderRD, variant 4
Loading cache for shader CopyShaderRD, variant 5
Loading cache for shader CopyShaderRD, variant 6
Loading cache for shader CopyShaderRD, variant 7
Loading cache for shader CopyShaderRD, variant 8
Loading cache for shader CopyShaderRD, variant 9
Loading cache for shader CopyShaderRD, variant 10
Loading cache for shader CopyShaderRD, variant 11
Loading cache for shader CopyShaderRD, variant 12
Shader 'CopyToFbShaderRD' (group 0) SHA256: 8daff24fe2afaa4cbf26897d5238ddce01373e4680b12619ccf95c8d95609d66
Loading cache for shader CopyToFbShaderRD, variant 0
Loading cache for shader CopyToFbShaderRD, variant 1
Loading cache for shader CopyToFbShaderRD, variant 2
Loading cache for shader CopyToFbShaderRD, variant 3
Shader 'CubeToDpShaderRD' (group 0) SHA256: 74fa7b2e6030d8ff4983cced87bc68e8774c8437bbdbe7d89d30a6c8ea2bebe0
Loading cache for shader CubeToDpShaderRD, variant 0
Shader 'CubemapDownsamplerShaderRD' (group 0) SHA256: 79e3fd57fbe018511a512a7b8fc7c1689b86bf86e0421097c9c1aa0cc27926ac
Loading cache for shader CubemapDownsamplerShaderRD, variant 0
Shader 'CubemapFilterShaderRD' (group 0) SHA256: 248a89bbba6199237a05d6bdfb6c084870ee1a2b4608e04393d253b0f811ef90
Loading cache for shader CubemapFilterShaderRD, variant 0
Loading cache for shader CubemapFilterShaderRD, variant 1
Loading cache for shader CubemapFilterShaderRD, variant 2
Loading cache for shader CubemapFilterShaderRD, variant 3
Shader 'CubemapRoughnessShaderRD' (group 0) SHA256: 6b9463386124b15b3f67e3fbf396dd5c01075145020ce716a70a95876fb8a03e
Loading cache for shader CubemapRoughnessShaderRD, variant 0
Shader 'SpecularMergeShaderRD' (group 0) SHA256: 936c8e2d6f46d594cf4546fc8ebaec5391010250bcec983f880e7a5b117bb96b
Loading cache for shader SpecularMergeShaderRD, variant 0
Loading cache for shader SpecularMergeShaderRD, variant 1
Loading cache for shader SpecularMergeShaderRD, variant 2
Loading cache for shader SpecularMergeShaderRD, variant 3
Shader 'ShadowFrustumShaderRD' (group 0) SHA256: 2ff92cb124320cba29de6156dbc2a23bfbafde9437e75d4aa075da501dbeb1c7
Loading cache for shader ShadowFrustumShaderRD, variant 0
Shader 'MotionVectorsShaderRD' (group 0) SHA256: 9701f92c2b3f16a896b0694e4e5042258bb5838755e75b5fc439fb935a4c9df2
Loading cache for shader MotionVectorsShaderRD, variant 0
Shader 'LuminanceReduceShaderRD' (group 0) SHA256: 9bc49c21388ea0f6632f9208dddfac35bb44f0400b742ef9bd380cd73b918ee9
Loading cache for shader LuminanceReduceShaderRD, variant 0
Loading cache for shader LuminanceReduceShaderRD, variant 1
Loading cache for shader LuminanceReduceShaderRD, variant 2
Shader 'SmaaEdgeDetectionShaderRD' (group 0) SHA256: 9f859e28f279c2023b067a396cc676913a9312de1139c6e92df21c3d8394e048
Loading cache for shader SmaaEdgeDetectionShaderRD, variant 0
Shader 'SmaaWeightCalculationShaderRD' (group 0) SHA256: 38c403b349941a90fcef48bf6d9d5f7180097305974993a157771f5840e53d48
Loading cache for shader SmaaWeightCalculationShaderRD, variant 0
Shader 'SmaaBlendingShaderRD' (group 0) SHA256: 1e58c4bc987660974f0db013d8fa75885430693d61e7fa24404bb15fa40c8c18
Loading cache for shader SmaaBlendingShaderRD, variant 0
Shader 'TonemapShaderRD' (group 0) SHA256: 141ca482ad62836b23d95815a70eddc80284764b1ca43d7ff2ede5ab6fbe59c8
Loading cache for shader TonemapShaderRD, variant 0
Loading cache for shader TonemapShaderRD, variant 1
Loading cache for shader TonemapShaderRD, variant 2
Loading cache for shader TonemapShaderRD, variant 3
Loading cache for shader TonemapShaderRD, variant 4
Loading cache for shader TonemapShaderRD, variant 5
Shader 'VrsShaderRD' (group 0) SHA256: 120fc066caf56440b52425f59c57b1c43d32031edc764e0b728094ad0b8b22f6
Loading cache for shader VrsShaderRD, variant 0
Loading cache for shader VrsShaderRD, variant 2
Loading cache for shader VrsShaderRD, variant 3
Shader 'FsrUpscaleShaderRD' (group 0) SHA256: b2553a80fa5432b72a1520a94979da2f3c92b79d9a0ceb64d93b45d3e77d1840
Loading cache for shader FsrUpscaleShaderRD, variant 0
Loading cache for shader FsrUpscaleShaderRD, variant 1
Shader 'BlitShaderRD' (group 0) SHA256: d5a779b2dd0cc1b4f4a707e99930a8eb1b36861da830a175fa21c9c74159eeb9
Loading cache for shader BlitShaderRD, variant 0
Loading cache for shader BlitShaderRD, variant 1
Loading cache for shader BlitShaderRD, variant 2
Loading cache for shader BlitShaderRD, variant 3
WASAPI: Activated output_device using IAudioClient3 interface
WASAPI: wFormatTag = 65534
WASAPI: nChannels = 2
WASAPI: nSamplesPerSec = 48000
WASAPI: nAvgBytesPerSec = 384000
WASAPI: nBlockAlign = 8
WASAPI: wBitsPerSample = 32
WASAPI: cbSize = 22
WASAPI: mix_rate = 48000
WASAPI: fundamental_period_frames = 480
WASAPI: min_period_frames = 480
WASAPI: max_period_frames = 480
WASAPI: selected a period frame size of 480
WASAPI: detected 2 channels
WASAPI: audio buffer frames: 480 calculated latency: 10ms

TextServer: Primary interface set to: "ICU / HarfBuzz / Graphite (Built-in)".
CORE API HASH: 2213950498
EDITOR API HASH: 3825216437
SceneTreeFTI: traversal method DEFAULT
Loading resource: res://autoload/Game.gd
Loading resource: res://autoload/Save.gd
Loading resource: res://autoload/Progression.gd
Loading resource: res://autoload/RNG.gd
Loaded system CA certificates
Loading resource: res://scenes/Main.tscn
Loading resource: res://scripts/main.gd
Loading resource: res://scripts/grid_background.gd
Main scene loaded, transitioning to Menu...
Loading resource: res://scenes/Menu.tscn
Loading resource: res://scripts/menu_view.gd
Loading resource: res://themes/neobrutalist.theme.tres
